1:"$Sreact.fragment"
3:I[22229,[],""]
4:I[41457,[],""]
5:I[95270,["8968","static/chunks/8968-f6ac5796e6ecd770.js","8152","static/chunks/8152-e1d9c43b6b5a0947.js","5233","static/chunks/5233-8c47e6c7ce1683fa.js","6076","static/chunks/app/errors/page-b55158596525a4a3.js"],"Code"]
6:I[90893,["8968","static/chunks/8968-f6ac5796e6ecd770.js","8152","static/chunks/8152-e1d9c43b6b5a0947.js","5233","static/chunks/5233-8c47e6c7ce1683fa.js","6076","static/chunks/app/errors/page-b55158596525a4a3.js"],"Heading"]
7:I[95270,["8968","static/chunks/8968-f6ac5796e6ecd770.js","8152","static/chunks/8152-e1d9c43b6b5a0947.js","5233","static/chunks/5233-8c47e6c7ce1683fa.js","6076","static/chunks/app/errors/page-b55158596525a4a3.js"],"CodeGroup"]
8:I[95270,["8968","static/chunks/8968-f6ac5796e6ecd770.js","8152","static/chunks/8152-e1d9c43b6b5a0947.js","5233","static/chunks/5233-8c47e6c7ce1683fa.js","6076","static/chunks/app/errors/page-b55158596525a4a3.js"],"Pre"]
16:I[55095,[],""]
:HL["/_next/static/css/1c953349e3d94ae1.css","style"]
0:{"P":null,"b":"JwuwPjYoIABFmkem90tkA","p":"","c":["","errors"],"i":false,"f":[[["",{"children":["errors",{"children":["__PAGE__",{}]}]},"$undefined","$undefined",true],["",["$","$1","c",{"children":[[["$","link","0",{"rel":"stylesheet","href":"/_next/static/css/1c953349e3d94ae1.css","precedence":"next","crossOrigin":"$undefined","nonce":"$undefined"}]],"$L2"]}],{"children":["errors",["$","$1","c",{"children":[null,["$","$L3",null,{"parallelRouterKey":"children","error":"$undefined","errorStyles":"$undefined","errorScripts":"$undefined","template":["$","$L4",null,{}],"templateStyles":"$undefined","templateScripts":"$undefined","notFound":"$undefined","forbidden":"$undefined","unauthorized":"$undefined"}]]}],{"children":["__PAGE__",["$","$1","c",{"children":[["$","article",null,{"className":"flex h-full flex-col pt-16 pb-10","children":[["$","div",null,{"className":"flex-auto prose dark:prose-invert [html_:where(&>*)]:mx-auto [html_:where(&>*)]:max-w-2xl lg:[html_:where(&>*)]:mx-[calc(50%-min(50%,var(--container-lg)))] lg:[html_:where(&>*)]:max-w-3xl","children":[["$","h1",null,{"children":"Errors"}],"\n",["$","p",null,{"children":["Failed SDK calls surface as ",["$","strong",null,{"children":["$","$L5",null,{"children":"SdkError"}]}],": a normalized wrapper around PostgREST and Supabase errors, with ",["$","strong",null,{"children":["$","$L5",null,{"children":"message"}]}],", optional ",["$","strong",null,{"children":["$","$L5",null,{"children":"code"}]}],", ",["$","strong",null,{"children":["$","$L5",null,{"children":"details"}]}],", and ",["$","strong",null,{"children":["$","$L5",null,{"children":"hint"}]}]," for debugging."],"className":"lead"}],"\n",["$","$L6",null,{"level":2,"id":"sdk-error","children":"SdkError"}],"\n",["$","p",null,{"children":["All resource methods and ",["$","$L5",null,{"children":"setTenant"}]," / ",["$","$L5",null,{"children":"clearTenant"}]," normalize failures into ",["$","$L5",null,{"children":"SdkError"}],":"]}],"\n",["$","div",null,{"className":"my-6","children":["$","ul",null,{"role":"list","className":"m-0 max-w-[calc(var(--container-lg)-(--spacing(8)))] list-none divide-y divide-zinc-900/5 p-0 dark:divide-white/5","children":[["$","li",null,{"className":"m-0 px-0 py-4 first:pt-0 last:pb-0","children":["$","dl",null,{"className":"m-0 flex flex-wrap items-center gap-x-3 gap-y-2","children":[["$","dt",null,{"className":"sr-only","children":"Name"}],["$","dd",null,{"children":["$","code",null,{"children":"message"}]}],"$undefined",["$","dt",null,{"className":"sr-only","children":"Description"}],["$","dd",null,{"className":"w-full flex-none [&>:first-child]:mt-0 [&>:last-child]:mb-0","children":["$","p",null,{"children":"Error message from PostgREST or RPC."}]}]]}]}],["$","li",null,{"className":"m-0 px-0 py-4 first:pt-0 last:pb-0","children":["$","dl",null,{"className":"m-0 flex flex-wrap items-center gap-x-3 gap-y-2","children":[["$","dt",null,{"className":"sr-only","children":"Name"}],["$","dd",null,{"children":["$","code",null,{"children":"code"}]}],"$undefined",["$","dt",null,{"className":"sr-only","children":"Description"}],["$","dd",null,{"className":"w-full flex-none [&>:first-child]:mt-0 [&>:last-child]:mb-0","children":["$","p",null,{"children":["Optional. PostgREST/Supabase error code (e.g. ",["$","$L5",null,{"children":"PGRST301"}],", auth codes)."]}]}]]}]}],["$","li",null,{"className":"m-0 px-0 py-4 first:pt-0 last:pb-0","children":["$","dl",null,{"className":"m-0 flex flex-wrap items-center gap-x-3 gap-y-2","children":[["$","dt",null,{"className":"sr-only","children":"Name"}],["$","dd",null,{"children":["$","code",null,{"children":"details"}]}],"$undefined",["$","dt",null,{"className":"sr-only","children":"Description"}],["$","dd",null,{"className":"w-full flex-none [&>:first-child]:mt-0 [&>:last-child]:mb-0","children":["$","p",null,{"children":"Optional. Additional detail from the backend."}]}]]}]}],["$","li",null,{"className":"m-0 px-0 py-4 first:pt-0 last:pb-0","children":["$","dl",null,{"className":"m-0 flex flex-wrap items-center gap-x-3 gap-y-2","children":[["$","dt",null,{"className":"sr-only","children":"Name"}],["$","dd",null,{"children":["$","code",null,{"children":"hint"}]}],"$undefined",["$","dt",null,{"className":"sr-only","children":"Description"}],["$","dd",null,{"className":"w-full flex-none [&>:first-child]:mt-0 [&>:last-child]:mb-0","children":["$","p",null,{"children":"Optional. Hint from the backend on how to fix the issue."}]}]]}]}]]}]}],"\n",["$","$L7",null,{"title":"Catching SdkError","children":["$","$L8",null,{"language":"ts","code":"import { createDbClient, SdkError } from '@workorder-systems/sdk'\n\nconst client = createDbClient(url, anonKey)\n\ntry {\n  await client.workOrders.list()\n} catch (err) {\n  if (err instanceof SdkError) {\n    console.error(err.message, err.code, err.details, err.hint)\n  }\n  throw err\n}\n","children":"$L9"}]}],"\n","$La","\n","$Lb","\n","$Lc","\n","$Ld","\n","$Le","\n","$Lf","\n","$L10","\n","$L11","\n","$L12"]}],"$L13"]}],null,"$L14"]}],{},null,false]},null,false]},null,false],"$L15",false]],"m":"$undefined","G":["$16",[]],"s":false,"S":true}
18:I[28968,["8968","static/chunks/8968-f6ac5796e6ecd770.js","8152","static/chunks/8152-e1d9c43b6b5a0947.js","5233","static/chunks/5233-8c47e6c7ce1683fa.js","6076","static/chunks/app/errors/page-b55158596525a4a3.js"],""]
19:I[98608,["8968","static/chunks/8968-f6ac5796e6ecd770.js","8152","static/chunks/8152-e1d9c43b6b5a0947.js","5233","static/chunks/5233-8c47e6c7ce1683fa.js","6076","static/chunks/app/errors/page-b55158596525a4a3.js"],"Feedback"]
1a:I[91464,[],"OutletBoundary"]
1c:I[56673,[],"AsyncMetadataOutlet"]
1e:I[91464,[],"ViewportBoundary"]
20:I[91464,[],"MetadataBoundary"]
21:"$Sreact.suspense"
17:Te7d,<span><span style="color: var(--shiki-token-keyword)">import</span><span style="color: var(--shiki-color-text)"> { createDbClient</span><span style="color: var(--shiki-token-punctuation)">,</span><span style="color: var(--shiki-color-text)"> SdkError } </span><span style="color: var(--shiki-token-keyword)">from</span><span style="color: var(--shiki-color-text)"> </span><span style="color: var(--shiki-token-string-expression)">&#39;@workorder-systems/sdk&#39;</span></span>
<span></span>
<span><span style="color: var(--shiki-token-keyword)">const</span><span style="color: var(--shiki-color-text)"> </span><span style="color: var(--shiki-token-constant)">client</span><span style="color: var(--shiki-color-text)"> </span><span style="color: var(--shiki-token-keyword)">=</span><span style="color: var(--shiki-color-text)"> </span><span style="color: var(--shiki-token-function)">createDbClient</span><span style="color: var(--shiki-color-text)">(url</span><span style="color: var(--shiki-token-punctuation)">,</span><span style="color: var(--shiki-color-text)"> anonKey)</span></span>
<span></span>
<span><span style="color: var(--shiki-token-keyword)">try</span><span style="color: var(--shiki-color-text)"> {</span></span>
<span><span style="color: var(--shiki-color-text)">  </span><span style="color: var(--shiki-token-keyword)">await</span><span style="color: var(--shiki-color-text)"> </span><span style="color: var(--shiki-token-constant)">client</span><span style="color: var(--shiki-token-function)">.</span><span style="color: var(--shiki-token-constant)">workOrders</span><span style="color: var(--shiki-token-function)">.list</span><span style="color: var(--shiki-color-text)">()</span></span>
<span><span style="color: var(--shiki-color-text)">} </span><span style="color: var(--shiki-token-keyword)">catch</span><span style="color: var(--shiki-color-text)"> (err) {</span></span>
<span><span style="color: var(--shiki-color-text)">  </span><span style="color: var(--shiki-token-keyword)">if</span><span style="color: var(--shiki-color-text)"> (err </span><span style="color: var(--shiki-token-keyword)">instanceof</span><span style="color: var(--shiki-color-text)"> </span><span style="color: var(--shiki-token-function)">SdkError</span><span style="color: var(--shiki-color-text)">) {</span></span>
<span><span style="color: var(--shiki-color-text)">    </span><span style="color: var(--shiki-token-constant)">console</span><span style="color: var(--shiki-token-function)">.error</span><span style="color: var(--shiki-color-text)">(</span><span style="color: var(--shiki-token-constant)">err</span><span style="color: var(--shiki-color-text)">.message</span><span style="color: var(--shiki-token-punctuation)">,</span><span style="color: var(--shiki-color-text)"> </span><span style="color: var(--shiki-token-constant)">err</span><span style="color: var(--shiki-color-text)">.code</span><span style="color: var(--shiki-token-punctuation)">,</span><span style="color: var(--shiki-color-text)"> </span><span style="color: var(--shiki-token-constant)">err</span><span style="color: var(--shiki-color-text)">.details</span><span style="color: var(--shiki-token-punctuation)">,</span><span style="color: var(--shiki-color-text)"> </span><span style="color: var(--shiki-token-constant)">err</span><span style="color: var(--shiki-color-text)">.hint)</span></span>
<span><span style="color: var(--shiki-color-text)">  }</span></span>
<span><span style="color: var(--shiki-color-text)">  </span><span style="color: var(--shiki-token-keyword)">throw</span><span style="color: var(--shiki-color-text)"> err</span></span>
<span><span style="color: var(--shiki-color-text)">}</span></span>
<span></span>9:["$","$L5",null,{"className":"language-ts","children":"$17"}]
a:["$","p",null,{"children":["You can also use ",["$","$L5",null,{"children":"normalizeError(error)"}]," to turn an unknown thrown value into an ",["$","$L5",null,{"children":"SdkError"}]," without throwing."]}]
b:["$","$L6",null,{"level":2,"id":"common-codes","children":"Common codes"}]
c:["$","p",null,{"children":"Errors come from Supabase/PostgREST and your RPCs. Typical sources:"}]
d:["$","ul",null,{"children":["\n",["$","li",null,{"children":[["$","strong",null,{"children":"PGRST"}],"*: PostgREST (e.g. invalid filter, missing column). Check ",["$","$L18",null,{"href":"https://postgrest.org/en/stable/errors.html","children":"PostgREST errors"}]," for code meanings."]}],"\n",["$","li",null,{"children":[["$","strong",null,{"children":"Auth"}],": Supabase Auth (e.g. invalid credentials, session expired). Check ",["$","$L18",null,{"href":"https://supabase.com/docs/guides/auth","children":"Supabase Auth docs"}]," for handling."]}],"\n",["$","li",null,{"children":[["$","strong",null,{"children":"RPC"}],": your ",["$","$L5",null,{"children":"rpc_*"}]," functions can return custom messages and codes; ",["$","$L5",null,{"children":"details"}]," and ",["$","$L5",null,{"children":"hint"}]," may contain server-set text."]}],"\n",["$","li",null,{"children":[["$","strong",null,{"children":"Agent / MCP contract"}],": MCP tool errors preserve ",["$","$L5",null,{"children":"message"}],", ",["$","$L5",null,{"children":"code"}],", ",["$","$L5",null,{"children":"details"}],", and ",["$","$L5",null,{"children":"hint"}]," in structured JSON, so automation can distinguish tenant-context problems, permission failures, validation errors, and retryable write conflicts."]}],"\n"]}]
e:["$","$L6",null,{"level":2,"id":"status-codes","children":"Status codes"}]
f:["$","p",null,{"children":["The SDK does not expose HTTP status codes directly; it throws on error. Under the hood, Supabase uses standard HTTP: 2xx for success, 4xx for client errors (e.g. 401 unauthorized, 403 forbidden, 404 not found), 5xx for server errors. Use ",["$","$L5",null,{"children":"SdkError.message"}]," and ",["$","$L5",null,{"children":"code"}]," / ",["$","$L5",null,{"children":"details"}]," / ",["$","$L5",null,{"children":"hint"}]," to decide how to handle failures in your app."]}]
10:["$","p",null,{"children":[["$","strong",null,{"children":"Permission denied (42501):"}]," When an RPC requires a permission or scope the user does not have, the backend returns an error (often with a message like “Permission denied … tenant.admin required” or “Unauthorized … workorder.edit”). See ",["$","$L18",null,{"href":"/authorization","children":"Authorization (RBAC & ABAC)"}]," for how roles, permissions, and scopes work."]}]
11:["$","p",null,{"children":[["$","strong",null,{"children":["Tenant context required (",["$","$L5",null,{"children":"P0001"}]," or MCP ",["$","$L5",null,{"children":"TENANT_CONTEXT_REQUIRED"}],"):"]}]," Tenant-scoped reads and some RPCs require ",["$","$L5",null,{"children":"tenant_id"}]," in the JWT/session. In SDK code, call ",["$","$L5",null,{"children":"setTenant()"}]," and refresh the session before retrying. In MCP, use ",["$","$L5",null,{"children":"resolve_active_tenant"}],", then ",["$","$L5",null,{"children":"set_active_tenant"}],", and ensure the client can refresh the OAuth session (for HTTP MCP this typically means sending ",["$","$L5",null,{"children":"X-Supabase-Refresh-Token"}],")."]}]
12:["$","p",null,{"children":[["$","strong",null,{"children":["Retry-safe work-order creation (",["$","$L5",null,{"children":"40001"}]," during in-flight duplicate request):"]}]," ",["$","$L5",null,{"children":"rpc_create_work_order"}]," accepts an optional client request id. If the same request is retried after the first call finishes, the original ",["$","$L5",null,{"children":"work_order_id"}]," is returned. If the first request is still in progress, the backend can respond with a retryable conflict so automation knows to retry later with the same client request id."]}]
13:["$","footer",null,{"className":"mx-auto mt-16 w-full max-w-2xl lg:max-w-5xl","children":["$","$L19",null,{}]}]
14:["$","$L1a",null,{"children":["$L1b",["$","$L1c",null,{"promise":"$@1d"}]]}]
15:["$","$1","h",{"children":[null,[["$","$L1e",null,{"children":"$L1f"}],null],["$","$L20",null,{"children":["$","div",null,{"hidden":true,"children":["$","$21",null,{"fallback":null,"children":"$L22"}]}]}]]}]
1f:[["$","meta","0",{"charSet":"utf-8"}],["$","meta","1",{"name":"viewport","content":"width=device-width, initial-scale=1"}]]
1b:null
23:I[85681,[],"IconMark"]
1d:{"metadata":[["$","title","0",{"children":"Errors - WorkOrder Systems API Reference"}],["$","meta","1",{"name":"description","content":"SdkError and common PostgREST/Supabase error codes."}],["$","link","2",{"rel":"icon","href":"/favicon.ico","type":"image/x-icon","sizes":"48x48"}],["$","$L23","3",{}]],"error":null,"digest":"$undefined"}
22:"$1d:metadata"
24:I[89312,["8968","static/chunks/8968-f6ac5796e6ecd770.js","8152","static/chunks/8152-e1d9c43b6b5a0947.js","535","static/chunks/535-ef10d77537a9249e.js","101","static/chunks/101-4ef096fe2568eccc.js","5233","static/chunks/5233-8c47e6c7ce1683fa.js","4384","static/chunks/4384-a717b64481bc33dd.js","7177","static/chunks/app/layout-0c71973d9df0d0e5.js"],"Providers"]
25:I[64515,["8968","static/chunks/8968-f6ac5796e6ecd770.js","8152","static/chunks/8152-e1d9c43b6b5a0947.js","535","static/chunks/535-ef10d77537a9249e.js","101","static/chunks/101-4ef096fe2568eccc.js","5233","static/chunks/5233-8c47e6c7ce1683fa.js","4384","static/chunks/4384-a717b64481bc33dd.js","7177","static/chunks/app/layout-0c71973d9df0d0e5.js"],"Layout"]
2:["$","html",null,{"lang":"en","className":"h-full","suppressHydrationWarning":true,"children":["$","body",null,{"className":"flex min-h-full bg-white antialiased dark:bg-zinc-900","children":["$","$L24",null,{"children":["$","div",null,{"className":"w-full","children":["$","$L25",null,{"allSections":{"/":[{"title":"Guides","id":"guides"},{"title":"Resources","id":"resources"}],"/agents":[{"title":"Recommended flow","id":"recommended-flow"},{"title":"Tenant bootstrap","id":"tenant-bootstrap"},{"title":"Search and disambiguation","id":"search-and-disambiguation"},{"title":"Retry-safe writes","id":"retry-safe-writes"},{"title":"Structured errors","id":"structured-errors"},{"title":"Embed search and freshness","id":"embed-search-and-freshness"}],"/analytics":[{"title":"Overview","id":"overview"},{"title":"Set tenant context before querying","id":"authentication"},{"title":"Reporting objects","id":"reporting-objects"},{"title":"Slicing (site, department, time)","id":"slicing"},{"title":"Export patterns","id":"export"},{"title":"Discovery","id":"discovery"}],"/asset-downtime":[{"title":"Why record downtime","id":"why"},{"title":"Permissions","id":"permissions"},{"title":"Record an event","id":"record"},{"title":"Reason keys","id":"reason-keys"},{"title":"Reporting schema","id":"reporting"}],"/assets":[{"title":"List assets","id":"list-assets"},{"title":"Get by ID","id":"get-by-id"},{"title":"Lifecycle fields","id":"lifecycle-fields"},{"title":"Warranties (multi-row)","id":"warranties"},{"title":"Barcode and scan resolution","id":"barcode-scan"},{"title":"Create asset","id":"create-asset"},{"title":"Update asset","id":"update-asset"},{"title":"Delete asset","id":"delete-asset"}],"/audit":[{"title":"Entity changes","id":"entity-changes"},{"title":"Permission changes","id":"permission-changes"},{"title":"Retention configuration","id":"retention-configuration"}],"/authentication":[{"title":"How it works","id":"overview"},{"title":"Sign in","id":"sign-in"},{"title":"Using the SDK","id":"using-the-sdk"}],"/authorization":[{"title":"Overview","id":"overview"},{"title":"RBAC: roles and permissions","id":"rbac-roles-and-permissions"},{"title":"Checking permissions","id":"checking-permissions"},{"title":"ABAC: scopes","id":"abac-scopes"},{"title":"How RPCs enforce access","id":"how-rpcs-enforce"}],"/capability-inventory":[{"title":"Vendors and contractors","id":"vendors-contractors"},{"title":"Warranty tracking","id":"warranty"},{"title":"Documents and attachments","id":"documents"},{"title":"Barcodes and scan resolution","id":"barcodes"},{"title":"Tools and equipment","id":"tools"},{"title":"Shift handover / logbook","id":"handover"},{"title":"Work order labor assignment","id":"labor-assignment"}],"/catalogs":[{"title":"List catalogs","id":"list-catalogs"},{"title":"Create status","id":"create-status"},{"title":"Create status transition","id":"create-status-transition"},{"title":"Create priority","id":"create-priority"},{"title":"Create maintenance type","id":"create-maintenance-type"},{"title":"Get workflow graph","id":"get-workflow-graph"}],"/configuration":[{"title":"SDK and CI","id":"sdk-ci"},{"title":"Edge Functions","id":"edge-functions"},{"title":"Local development","id":"local-development"},{"title":"Tests","id":"tests"}],"/costs":[{"title":"Overview","id":"overview"},{"title":"Work order costs","id":"work-order-costs"},{"title":"Cost roll-ups","id":"cost-rollups"},{"title":"Cost rollup RPC","id":"cost-rollup-rpc"},{"title":"Asset lifecycle alerts","id":"lifecycle-alerts"},{"title":"Asset total cost of ownership","id":"asset-tco"},{"title":"Projects","id":"projects"}],"/dashboard":[{"title":"Dashboard metrics","id":"dashboard-metrics"},{"title":"Open and overdue work orders","id":"open-overdue-work-orders"},{"title":"Work orders by status and maintenance type","id":"by-status-and-maintenance-type"},{"title":"Summaries and tenant overview","id":"summaries-and-tenant-overview"}],"/departments":[{"title":"List departments","id":"list-departments"},{"title":"Get by ID","id":"get-by-id"},{"title":"Create department","id":"create-department"},{"title":"Update department","id":"update-department"},{"title":"Delete department","id":"delete-department"}],"/errors":[{"title":"SdkError","id":"sdkerror"},{"title":"Common codes","id":"common-codes"},{"title":"Status codes","id":"status-codes"}],"/field-operations":[{"title":"Tool catalog (create & update)","id":"tool-catalog"},{"title":"List tools and checkouts","id":"tools"},{"title":"Checkout and return","id":"checkout"},{"title":"Shift handovers","id":"handovers"},{"title":"Permissions","id":"permissions"}],"/floor-ops-scanning":[{"title":"Overview","id":"overview"},{"title":"Asset and part barcodes","id":"barcodes"},{"title":"Resolve after scan","id":"resolve"},{"title":"QR codes and deep links","id":"qr"},{"title":"Signatures and scans as attachments","id":"attachments"}],"/installation":[{"title":"Install the package","id":"package"},{"title":"Peer dependency","id":"peer-dependency"},{"title":"Create a client","id":"usage"},{"title":"Edge runtimes","id":"edge-runtimes"},{"title":"Environment variables","id":"environment-variables"}],"/integrations":[{"title":"Overview","id":"overview"},{"title":"External IDs","id":"external-ids"},{"title":"Outbound events","id":"outbound-events"}],"/labor":[{"title":"Overview","id":"overview"},{"title":"Technicians and crews","id":"technicians-crews"},{"title":"Crews and technicians (writes)","id":"labor-writes"},{"title":"Skills and certifications","id":"skills-certifications"},{"title":"Availability and shifts","id":"availability-shifts"},{"title":"Assignments and labor actuals","id":"assignments-labor-actuals"},{"title":"Shift conflict detection","id":"shift-conflicts"},{"title":"Generate shifts from templates","id":"generate-shifts"}],"/locations":[{"title":"List locations","id":"list-locations"},{"title":"Get by ID","id":"get-by-id"},{"title":"Create location","id":"create-location"},{"title":"Update location","id":"update-location"},{"title":"Bulk import","id":"bulk-import"},{"title":"Hierarchy and portfolio views","id":"hierarchy-portfolio-views"},{"title":"Map zones","id":"map-zones"},{"title":"Delete location","id":"delete-location"}],"/map-zones":[{"title":"Overview","id":"overview"},{"title":"List zones","id":"list-zones"},{"title":"Get by ID","id":"get-by-id"},{"title":"Create zone","id":"create-zone"},{"title":"Update zone","id":"update-zone"},{"title":"Delete zone","id":"delete-zone"},{"title":"Access and limits","id":"access-limits"}],"/mcp":[{"title":"What it is","id":"what-it-is"},{"title":"Run the server","id":"run-the-server"},{"title":"Clients and OAuth","id":"clients-and-oauth"},{"title":"Tenant context and tools","id":"tenant-context-and-tools"},{"title":"Summary-first tools","id":"summary-first-tools"},{"title":"Bundles and structured errors","id":"bundles-and-structured-errors"},{"title":"Full reference","id":"full-reference"}],"/meters":[{"title":"List meters","id":"list-meters"},{"title":"Get readings","id":"get-readings"},{"title":"Create meter","id":"create-meter"},{"title":"Update meter","id":"update-meter"},{"title":"Record reading","id":"record-reading"},{"title":"Automated readings (API keys)","id":"automated-readings-api-keys"},{"title":"Delete meter","id":"delete-meter"}],"/mobile-field":[{"title":"Overview","id":"overview"},{"title":"Offline sync","id":"offline-sync"},{"title":"Start work order","id":"start-work-order"},{"title":"Stop work order","id":"stop-work-order"},{"title":"Add note","id":"add-note"},{"title":"Register attachment","id":"register-attachment"},{"title":"Mobile views","id":"mobile-views"},{"title":"Attachments for assets and locations","id":"attachments-assets-locations"},{"title":"GPS and check-ins","id":"gps-check-ins"}],"/notifications":[{"title":"List notifications","id":"list-notifications"},{"title":"Mark as read","id":"mark-read"},{"title":"Preferences","id":"preferences"},{"title":"Advanced: raw PostgREST","id":"advanced-postgrest"},{"title":"Background processing","id":"background-processing"}],"/parts-inventory":[{"title":"Overview","id":"overview"},{"title":"Parts and stock","id":"parts-stock"},{"title":"Suppliers and inventory locations","id":"suppliers-locations"},{"title":"Supplier contracts and vendor metrics","id":"supplier-contracts"},{"title":"Reservations and usage","id":"reservations-usage"},{"title":"Purchasing","id":"purchasing"},{"title":"Requisition RPCs (draft)","id":"requisition-rpcs"},{"title":"RPCs (create/update)","id":"rpcs"}],"/plugins":[{"title":"List plugins (catalog)","id":"list-plugins"},{"title":"Get plugin by ID","id":"get-plugin-by-id"},{"title":"List installations","id":"list-installations"},{"title":"Install plugin","id":"install-plugin"},{"title":"Update installation","id":"update-installation"},{"title":"Uninstall plugin","id":"uninstall-plugin"},{"title":"Webhook subscriptions","id":"webhook-subscriptions"},{"title":"Recent webhook deliveries","id":"webhook-deliveries"}],"/plugins-building":[{"title":"What is a plugin?","id":"what-is-a-plugin"},{"title":"Plugin lifecycle","id":"plugin-lifecycle"},{"title":"Register plugin in the catalog","id":"register-plugin"},{"title":"Install plugin for a tenant","id":"install-plugin"},{"title":"Outbound webhooks (audit-driven)","id":"outbound-webhooks"},{"title":"Inbound webhooks (HMAC)","id":"inbound-webhooks"},{"title":"Use the public API from your plugin","id":"use-public-api"}],"/pm":[{"title":"List templates and schedules","id":"list-templates-and-schedules"},{"title":"Create and update template","id":"create-update-template"},{"title":"Create and update schedule","id":"create-update-schedule"},{"title":"Delete schedule","id":"delete-schedule"},{"title":"Dependencies and automatic generation","id":"dependencies-and-generation"},{"title":"Due, overdue, upcoming, history","id":"due-overdue-upcoming-history"}],"/projects":[{"title":"Overview","id":"overview"},{"title":"List projects","id":"list-projects"},{"title":"Get by ID","id":"get-by-id"},{"title":"Create project","id":"create-project"},{"title":"Update project","id":"update-project"},{"title":"Delete project","id":"delete-project"},{"title":"Work orders and cost roll-up","id":"work-orders-and-costs"}],"/quickstart":[{"title":"Install the SDK","id":"install-sdk"},{"title":"How the pieces connect","id":"how-it-connects"},{"title":"Create a client and call the API","id":"first-request"},{"title":"Next steps","id":"next-steps"}],"/request-portal-and-sla":[{"title":"Permissions and roles","id":"permissions"},{"title":"Submit a request (portal)","id":"portal-submit"},{"title":"List my requests","id":"portal-list"},{"title":"Maintenance requests (pre-WO)","id":"maintenance-requests"},{"title":"Communication log","id":"comms-log"},{"title":"SLA rules (admin)","id":"sla-rules"},{"title":"SLA on work orders","id":"sla-on-work-orders"},{"title":"Acknowledge (first response)","id":"acknowledge"},{"title":"SLA status for dashboards","id":"sla-status"},{"title":"Coordinator SLA queue","id":"sla-open-queue"}],"/safety-compliance":[{"title":"List inspections and incidents","id":"list-inspections-and-incidents"},{"title":"Inspection templates and schedules","id":"inspection-templates-and-schedules"},{"title":"Inspection runs and completion","id":"inspection-runs-and-completion"},{"title":"Incidents and corrective actions","id":"incidents-and-corrective-actions"},{"title":"Compliance reporting","id":"compliance-reporting"}],"/scheduling":[{"title":"Overview","id":"overview"},{"title":"List by technician, crew, asset, location","id":"list-views"},{"title":"Schedule work order","id":"schedule-work-order"},{"title":"Update schedule block","id":"update-block"},{"title":"Validate schedule","id":"validate-schedule"},{"title":"Unschedule work order","id":"unschedule"}],"/spaces":[{"title":"List spaces","id":"list-spaces"},{"title":"Get by ID","id":"get-by-id"},{"title":"Get by location","id":"get-by-location"},{"title":"Create space","id":"create-space"},{"title":"Update space","id":"update-space"},{"title":"Delete space","id":"delete-space"}],"/tenant-api-keys":[{"title":"What they are (and are not)","id":"what-they-are"},{"title":"SDK: create, list, revoke","id":"sdk"},{"title":"Rate limits","id":"rate-limits"},{"title":"Meter ingest Edge Function","id":"ingest-edge-function"}],"/tenant-context":[{"title":"Why tenant context?","id":"why-tenant-context"},{"title":"Set tenant context","id":"set-tenant-context"},{"title":"Clear tenant context","id":"clear-tenant-context"},{"title":"Which resources are tenant-scoped?","id":"which-resources"}],"/tenants":[{"title":"List tenants","id":"list-tenants"},{"title":"Get by ID","id":"get-by-id"},{"title":"Create tenant","id":"create-tenant"},{"title":"Invite user","id":"invite-user"},{"title":"Assign role","id":"assign-role"}],"/work-orders":[{"title":"List work orders","id":"list-work-orders"},{"title":"Get by ID","id":"get-by-id"},{"title":"Create work order","id":"create-work-order"},{"title":"Transition status","id":"transition-status"},{"title":"Complete work order","id":"complete-work-order"},{"title":"Log time","id":"log-time"},{"title":"Attachments overview","id":"attachments-overview"},{"title":"Upload attachment","id":"upload-attachment"},{"title":"List attachments","id":"list-attachments"},{"title":"Get signed URL","id":"get-signed-url"},{"title":"Update attachment metadata","id":"update-attachment-metadata"}],"/plugins/how-to-build":[{"title":"What you are building","id":"what-you-build"},{"title":"Prerequisites","id":"prerequisites"},{"title":"1. Register in the catalog","id":"register-catalog"},{"title":"2. Store secrets in Vault","id":"vault-secrets"},{"title":"3. Install for a tenant","id":"tenant-install"},{"title":"4. Configure outbound webhooks","id":"outbound-url"},{"title":"5. Subscribe to entity changes","id":"subscriptions"},{"title":"6. Implement your HTTPS receiver","id":"receiver"},{"title":"7. Processing and retries","id":"delivery-processing"},{"title":"8. Call the API and inbound webhooks","id":"api-inbound"},{"title":"9. Verify locally","id":"local-verify"},{"title":"See also","id":"see-also"}]},"children":"$L26"}]}]}]}]}]
26:["$","$L3",null,{"parallelRouterKey":"children","error":"$undefined","errorStyles":"$undefined","errorScripts":"$undefined","template":["$","$L4",null,{}],"templateStyles":"$undefined","templateScripts":"$undefined","notFound":[[["$","div",null,{"className":"absolute inset-0 -z-10 mx-0 max-w-none overflow-hidden","children":["$","div",null,{"className":"absolute top-0 left-1/2 -ml-152 h-100 w-325 dark:mask-[linear-gradient(white,transparent)]","children":[["$","div",null,{"className":"absolute inset-0 bg-linear-to-r from-primary-500 to-primary-300 mask-[radial-gradient(farthest-side_at_top,white,transparent)] opacity-40 dark:from-primary-500/30 dark:to-primary-300/30 dark:opacity-100","children":["$","svg",null,{"aria-hidden":"true","className":"absolute inset-x-0 inset-y-[-50%] h-[200%] w-full skew-y-[-18deg] fill-black/40 stroke-black/50 mix-blend-overlay dark:fill-white/2.5 dark:stroke-white/5","children":[["$","defs",null,{"children":["$","pattern",null,{"id":"_S_1_","width":72,"height":56,"patternUnits":"userSpaceOnUse","x":-12,"y":4,"children":["$","path",null,{"d":"M.5 56V.5H72","fill":"none"}]}]}],["$","rect",null,{"width":"100%","height":"100%","strokeWidth":0,"fill":"url(#_S_1_)"}],["$","svg",null,{"x":-12,"y":4,"className":"overflow-visible","children":[["$","rect","4-3",{"strokeWidth":"0","width":73,"height":57,"x":288,"y":168}],["$","rect","2-1",{"strokeWidth":"0","width":73,"height":57,"x":144,"y":56}],["$","rect","7-3",{"strokeWidth":"0","width":73,"height":57,"x":504,"y":168}],["$","rect","10-6",{"strokeWidth":"0","width":73,"height":57,"x":720,"y":336}]]}]]}]}],["$","svg",null,{"viewBox":"0 0 1113 440","aria-hidden":"true","className":"absolute top-0 left-1/2 -ml-76 w-278.25 fill-white blur-[26px] dark:hidden","children":["$","path",null,{"d":"M.016 439.5s-9.5-300 434-300S882.516 20 882.516 20V0h230.004v439.5H.016Z"}]}]]}]}],["$","div",null,{"className":"mx-auto flex h-full max-w-xl flex-col items-center justify-center py-16 text-center","children":[["$","p",null,{"className":"text-sm font-semibold text-zinc-900 dark:text-white","children":"404"}],["$","h1",null,{"className":"mt-2 text-2xl font-bold text-zinc-900 dark:text-white","children":"Page not found"}],["$","p",null,{"className":"mt-2 text-base text-zinc-600 dark:text-zinc-400","children":"Sorry, we couldn’t find the page you’re looking for."}],["$","$L18",null,{"className":"inline-flex gap-0.5 justify-center overflow-hidden text-sm font-medium transition rounded-full bg-zinc-900 py-1 px-3 text-white hover:bg-zinc-700 dark:bg-primary-400/10 dark:text-primary-400 dark:ring-1 dark:ring-inset dark:ring-primary-400/20 dark:hover:bg-primary-400/10 dark:hover:text-primary-300 dark:hover:ring-primary-300 mt-8","href":"/","children":[false,"Back to docs",["$","svg",null,{"viewBox":"0 0 20 20","fill":"none","aria-hidden":"true","className":"mt-0.5 h-5 w-5 -mr-1","children":["$","path",null,{"stroke":"currentColor","strokeLinecap":"round","strokeLinejoin":"round","d":"m11.5 6.5 3 3.5m0 0-3 3.5m3-3.5h-9"}]}]]}]]}]],[]],"forbidden":"$undefined","unauthorized":"$undefined"}]
